
> frontend@0.0.0 build C:\Users\sajid\Desktop\Second_Project- Homeserve\frontend
> ng build

[33mΓ¥»[39m Building...
node.exe : 
At C:\Users\sajid\AppData\Roaming\
npm\pnpm.ps1:24 char:5
+     & "node$exe"  "$basedir/node
_modules/pnpm/bin/pnpm.cjs" $args
+     ~~~~~~~~~~~~~~~~~~~~~~~~~~~~
~~~~~~~~~~~~~~~~~~~~~~~~~~~~~~~~~
    + CategoryInfo          : Not 
   Specified: (:String) [], Remo  
  teException
    + FullyQualifiedErrorId : Nat 
   iveCommandError
 
[1m[33m[1m[33mwarn[33m[22m[
1m - As of Tailwind CSS v3.3, the 
`@tailwindcss/line-clamp` plugin 
is now included by 
default.[39m[22m
[1m[33m[1m[33mwarn[33m[22m[
1m - Remove it from the `plugins` 
array in your configuration to 
eliminate this warning.[39m[22m
[32mΓ£ö[39m Building...
Application bundle generation failed. [22.576 seconds]

[1m[31m[31mX [41;31m[[41;97mE
RROR[41;31m][0m [1mTS2339: 
Property 'providerService' does 
not exist on type '{ signupAuth: 
string; loginAuth: string; auth: 
string; admin: string; customer: 
string; provider: string; 
payment: string; schedule: 
string; chat: string; message: 
string; plans: string; 
subscription: string; ... 9 more 
...; category: string; }'.[0m 
[1m[35m[plugin 
angular-compiler][0m

    src/app/core/services/service-
management.service.ts:11:37:
[37m      11 Γöé   private 
readonly _apiUrl = 
API_ENV.[32mproviderService[37m;
         Γò╡                      
                
[32m~~~~~~~~~~~~~~~[0m

[39m[22m
ΓÇëELIFECYCLEΓÇë Command failed with exit code 1.
